Release 14.7 - xst P.20131013 (nt64)
Copyright (c) 1995-2013 Xilinx, Inc.  All rights reserved.
--> Parameter TMPDIR set to xst/projnav.tmp


Total REAL time to Xst completion: 0.00 secs
Total CPU time to Xst completion: 0.30 secs
 
--> Parameter xsthdpdir set to xst


Total REAL time to Xst completion: 0.00 secs
Total CPU time to Xst completion: 0.30 secs
 
--> Reading design: mips.prj

TABLE OF CONTENTS
  1) Synthesis Options Summary
  2) HDL Parsing
  3) HDL Elaboration
  4) HDL Synthesis
       4.1) HDL Synthesis Report
  5) Advanced HDL Synthesis
       5.1) Advanced HDL Synthesis Report
  6) Low Level Synthesis
  7) Partition Report
  8) Design Summary
       8.1) Primitive and Black Box Usage
       8.2) Device utilization summary
       8.3) Partition Resource Summary
       8.4) Timing Report
            8.4.1) Clock Information
            8.4.2) Asynchronous Control Signals Information
            8.4.3) Timing Summary
            8.4.4) Timing Details
            8.4.5) Cross Clock Domains Report


=========================================================================
*                      Synthesis Options Summary                        *
=========================================================================
---- Source Parameters
Input File Name                    : "mips.prj"
Ignore Synthesis Constraint File   : NO

---- Target Parameters
Output File Name                   : "mips"
Output Format                      : NGC
Target Device                      : xa6slx4-2-csg225

---- Source Options
Top Module Name                    : mips
Automatic FSM Extraction           : YES
FSM Encoding Algorithm             : Auto
Safe Implementation                : No
FSM Style                          : LUT
RAM Extraction                     : Yes
RAM Style                          : Auto
ROM Extraction                     : Yes
Shift Register Extraction          : YES
ROM Style                          : Auto
Resource Sharing                   : YES
Asynchronous To Synchronous        : NO
Shift Register Minimum Size        : 2
Use DSP Block                      : Auto
Automatic Register Balancing       : No

---- Target Options
LUT Combining                      : Auto
Reduce Control Sets                : Auto
Add IO Buffers                     : YES
Global Maximum Fanout              : 100000
Add Generic Clock Buffer(BUFG)     : 16
Register Duplication               : YES
Optimize Instantiated Primitives   : NO
Use Clock Enable                   : Auto
Use Synchronous Set                : Auto
Use Synchronous Reset              : Auto
Pack IO Registers into IOBs        : Auto
Equivalent register Removal        : YES

---- General Options
Optimization Goal                  : Speed
Optimization Effort                : 1
Power Reduction                    : NO
Keep Hierarchy                     : No
Netlist Hierarchy                  : As_Optimized
RTL Output                         : Yes
Global Optimization                : AllClockNets
Read Cores                         : YES
Write Timing Constraints           : NO
Cross Clock Analysis               : NO
Hierarchy Separator                : /
Bus Delimiter                      : <>
Case Specifier                     : Maintain
Slice Utilization Ratio            : 100
BRAM Utilization Ratio             : 100
DSP48 Utilization Ratio            : 100
Auto BRAM Packing                  : NO
Slice Utilization Ratio Delta      : 5

=========================================================================


=========================================================================
*                          HDL Parsing                                  *
=========================================================================
Analyzing Verilog file "E:\CO\ISE\ISE_Project\mips\StoreType.v" into library work
Parsing module <StoreType>.
Analyzing Verilog file "E:\CO\ISE\ISE_Project\mips\PC.v" into library work
Parsing module <PC>.
Analyzing Verilog file "E:\CO\ISE\ISE_Project\mips\NPC.v" into library work
Parsing module <NPC>.
Analyzing Verilog file "E:\CO\ISE\ISE_Project\mips\LoadType.v" into library work
Parsing module <LoadType>.
Analyzing Verilog file "E:\CO\ISE\ISE_Project\mips\IM.v" into library work
Parsing module <IM>.
Analyzing Verilog file "E:\CO\ISE\ISE_Project\mips\GRF.v" into library work
Parsing module <GRF>.
Analyzing Verilog file "E:\CO\ISE\ISE_Project\mips\EXT.v" into library work
Parsing module <EXT>.
Analyzing Verilog file "E:\CO\ISE\ISE_Project\mips\DM.v" into library work
Parsing module <DM>.
Analyzing Verilog file "E:\CO\ISE\ISE_Project\mips\Controller.v" into library work
Parsing module <Controller>.
Analyzing Verilog file "E:\CO\ISE\ISE_Project\mips\ALU.v" into library work
Parsing module <ALU>.
Analyzing Verilog file "E:\CO\ISE\ISE_Project\mips\mips.v" into library work
Parsing module <mips>.

=========================================================================
*                            HDL Elaboration                            *
=========================================================================

Elaborating module <mips>.

Elaborating module <PC>.

Elaborating module <NPC>.

Elaborating module <IM>.
Reading initialization file \"code.txt\".
WARNING:HDLCompiler:1670 - "E:\CO\ISE\ISE_Project\mips\IM.v" Line 31: Signal <ROM> in initial block is partially initialized.

Elaborating module <GRF>.
"E:\CO\ISE\ISE_Project\mips\GRF.v" Line 46. $display @0: $0 <= 0

Elaborating module <EXT>.

Elaborating module <DM>.
WARNING:HDLCompiler:1127 - "E:\CO\ISE\ISE_Project\mips\DM.v" Line 35: Assignment to forced_addr ignored, since the identifier is never used
"E:\CO\ISE\ISE_Project\mips\DM.v" Line 50. $display @0: *0 <= 0
ERROR:HDLCompiler:1511 - "E:\CO\ISE\ISE_Project\mips\DM.v" Line 38: Mix of blocking and non-blocking assignments to variable <RAM> is not a recommended coding practice.
INFO - You can change the severity of this error message to warning using switch -change_error_to_warning "HDLCompiler:1511"
Module DM remains a blackbox, due to errors in its contents
WARNING:HDLCompiler:1499 - "E:\CO\ISE\ISE_Project\mips\DM.v" Line 21: Empty module <DM> remains a black box.

Elaborating module <ALU>.
WARNING:HDLCompiler:413 - "E:\CO\ISE\ISE_Project\mips\ALU.v" Line 82: Result of 32-bit expression is truncated to fit in 1-bit target.

Elaborating module <Controller>.
WARNING:HDLCompiler:413 - "E:\CO\ISE\ISE_Project\mips\Controller.v" Line 81: Result of 32-bit expression is truncated to fit in 1-bit target.
WARNING:HDLCompiler:413 - "E:\CO\ISE\ISE_Project\mips\Controller.v" Line 82: Result of 32-bit expression is truncated to fit in 1-bit target.
WARNING:HDLCompiler:413 - "E:\CO\ISE\ISE_Project\mips\Controller.v" Line 83: Result of 32-bit expression is truncated to fit in 1-bit target.
WARNING:HDLCompiler:413 - "E:\CO\ISE\ISE_Project\mips\Controller.v" Line 84: Result of 32-bit expression is truncated to fit in 1-bit target.
WARNING:HDLCompiler:413 - "E:\CO\ISE\ISE_Project\mips\Controller.v" Line 85: Result of 32-bit expression is truncated to fit in 1-bit target.
WARNING:HDLCompiler:413 - "E:\CO\ISE\ISE_Project\mips\Controller.v" Line 86: Result of 32-bit expression is truncated to fit in 1-bit target.
WARNING:HDLCompiler:413 - "E:\CO\ISE\ISE_Project\mips\Controller.v" Line 87: Result of 32-bit expression is truncated to fit in 1-bit target.
WARNING:HDLCompiler:413 - "E:\CO\ISE\ISE_Project\mips\Controller.v" Line 88: Result of 32-bit expression is truncated to fit in 1-bit target.
WARNING:HDLCompiler:413 - "E:\CO\ISE\ISE_Project\mips\Controller.v" Line 89: Result of 32-bit expression is truncated to fit in 1-bit target.
WARNING:HDLCompiler:413 - "E:\CO\ISE\ISE_Project\mips\Controller.v" Line 90: Result of 32-bit expression is truncated to fit in 1-bit target.
WARNING:HDLCompiler:413 - "E:\CO\ISE\ISE_Project\mips\Controller.v" Line 91: Result of 32-bit expression is truncated to fit in 1-bit target.
WARNING:HDLCompiler:413 - "E:\CO\ISE\ISE_Project\mips\Controller.v" Line 92: Result of 32-bit expression is truncated to fit in 1-bit target.
WARNING:HDLCompiler:413 - "E:\CO\ISE\ISE_Project\mips\Controller.v" Line 93: Result of 32-bit expression is truncated to fit in 1-bit target.
WARNING:HDLCompiler:413 - "E:\CO\ISE\ISE_Project\mips\Controller.v" Line 94: Result of 32-bit expression is truncated to fit in 1-bit target.
WARNING:HDLCompiler:413 - "E:\CO\ISE\ISE_Project\mips\Controller.v" Line 95: Result of 32-bit expression is truncated to fit in 1-bit target.
WARNING:HDLCompiler:413 - "E:\CO\ISE\ISE_Project\mips\Controller.v" Line 96: Result of 32-bit expression is truncated to fit in 1-bit target.
WARNING:HDLCompiler:413 - "E:\CO\ISE\ISE_Project\mips\Controller.v" Line 97: Result of 32-bit expression is truncated to fit in 1-bit target.
WARNING:HDLCompiler:413 - "E:\CO\ISE\ISE_Project\mips\Controller.v" Line 98: Result of 32-bit expression is truncated to fit in 1-bit target.
WARNING:HDLCompiler:413 - "E:\CO\ISE\ISE_Project\mips\Controller.v" Line 99: Result of 32-bit expression is truncated to fit in 1-bit target.
WARNING:HDLCompiler:413 - "E:\CO\ISE\ISE_Project\mips\Controller.v" Line 100: Result of 32-bit expression is truncated to fit in 1-bit target.
WARNING:HDLCompiler:413 - "E:\CO\ISE\ISE_Project\mips\Controller.v" Line 128: Result of 32-bit expression is truncated to fit in 1-bit target.
WARNING:HDLCompiler:413 - "E:\CO\ISE\ISE_Project\mips\Controller.v" Line 130: Result of 32-bit expression is truncated to fit in 1-bit target.
WARNING:HDLCompiler:413 - "E:\CO\ISE\ISE_Project\mips\Controller.v" Line 132: Result of 32-bit expression is truncated to fit in 1-bit target.
WARNING:HDLCompiler:413 - "E:\CO\ISE\ISE_Project\mips\Controller.v" Line 134: Result of 32-bit expression is truncated to fit in 1-bit target.
WARNING:HDLCompiler:413 - "E:\CO\ISE\ISE_Project\mips\Controller.v" Line 136: Result of 32-bit expression is truncated to fit in 1-bit target.
WARNING:HDLCompiler:413 - "E:\CO\ISE\ISE_Project\mips\Controller.v" Line 138: Result of 32-bit expression is truncated to fit in 1-bit target.
WARNING:HDLCompiler:413 - "E:\CO\ISE\ISE_Project\mips\Controller.v" Line 140: Result of 32-bit expression is truncated to fit in 1-bit target.
WARNING:HDLCompiler:413 - "E:\CO\ISE\ISE_Project\mips\Controller.v" Line 142: Result of 32-bit expression is truncated to fit in 1-bit target.

Elaborating module <StoreType>.

Elaborating module <LoadType>.
ERROR:HDLCompiler:1401 - "E:\CO\ISE\ISE_Project\mips\mips.v" Line 89: Signal pc_plus4[31] in unit mips is connected to following multiple drivers:
Driver 0: output signal pc_plus4[31] of instance Adder (pc[31]_GND_1_o_add_0).
Driver 1: NPC/PCplus4[31] driven by output signal PCplus4[31] of instance Adder (NPC).
Driver 0: output signal pc_plus4[30] of instance Adder (pc[31]_GND_1_o_add_0).
Driver 1: NPC/PCplus4[30] driven by output signal PCplus4[30] of instance Adder (NPC).
Driver 0: output signal pc_plus4[29] of instance Adder (pc[31]_GND_1_o_add_0).
Driver 1: NPC/PCplus4[29] driven by output signal PCplus4[29] of instance Adder (NPC).
Driver 0: output signal pc_plus4[28] of instance Adder (pc[31]_GND_1_o_add_0).
Driver 1: NPC/PCplus4[28] driven by output signal PCplus4[28] of instance Adder (NPC).
Driver 0: output signal pc_plus4[27] of instance Adder (pc[31]_GND_1_o_add_0).
Driver 1: NPC/PCplus4[27] driven by output signal PCplus4[27] of instance Adder (NPC).
Driver 0: output signal pc_plus4[26] of instance Adder (pc[31]_GND_1_o_add_0).
Driver 1: NPC/PCplus4[26] driven by output signal PCplus4[26] of instance Adder (NPC).
Driver 0: output signal pc_plus4[25] of instance Adder (pc[31]_GND_1_o_add_0).
Driver 1: NPC/PCplus4[25] driven by output signal PCplus4[25] of instance Adder (NPC).
Driver 0: output signal pc_plus4[24] of instance Adder (pc[31]_GND_1_o_add_0).
Driver 1: NPC/PCplus4[24] driven by output signal PCplus4[24] of instance Adder (NPC).
Driver 0: output signal pc_plus4[23] of instance Adder (pc[31]_GND_1_o_add_0).
Driver 1: NPC/PCplus4[23] driven by output signal PCplus4[23] of instance Adder (NPC).
Driver 0: output signal pc_plus4[22] of instance Adder (pc[31]_GND_1_o_add_0).
Driver 1: NPC/PCplus4[22] driven by output signal PCplus4[22] of instance Adder (NPC).
Driver 0: output signal pc_plus4[21] of instance Adder (pc[31]_GND_1_o_add_0).
Driver 1: NPC/PCplus4[21] driven by output signal PCplus4[21] of instance Adder (NPC).
Driver 0: output signal pc_plus4[20] of instance Adder (pc[31]_GND_1_o_add_0).
Driver 1: NPC/PCplus4[20] driven by output signal PCplus4[20] of instance Adder (NPC).
Driver 0: output signal pc_plus4[19] of instance Adder (pc[31]_GND_1_o_add_0).
Driver 1: NPC/PCplus4[19] driven by output signal PCplus4[19] of instance Adder (NPC).
Driver 0: output signal pc_plus4[18] of instance Adder (pc[31]_GND_1_o_add_0).
Driver 1: NPC/PCplus4[18] driven by output signal PCplus4[18] of instance Adder (NPC).
Driver 0: output signal pc_plus4[17] of instance Adder (pc[31]_GND_1_o_add_0).
Driver 1: NPC/PCplus4[17] driven by output signal PCplus4[17] of instance Adder (NPC).
Driver 0: output signal pc_plus4[16] of instance Adder (pc[31]_GND_1_o_add_0).
Driver 1: NPC/PCplus4[16] driven by output signal PCplus4[16] of instance Adder (NPC).
Driver 0: output signal pc_plus4[15] of instance Adder (pc[31]_GND_1_o_add_0).
Driver 1: NPC/PCplus4[15] driven by output signal PCplus4[15] of instance Adder (NPC).
Driver 0: output signal pc_plus4[14] of instance Adder (pc[31]_GND_1_o_add_0).
Driver 1: NPC/PCplus4[14] driven by output signal PCplus4[14] of instance Adder (NPC).
Driver 0: output signal pc_plus4[13] of instance Adder (pc[31]_GND_1_o_add_0).
Driver 1: NPC/PCplus4[13] driven by output signal PCplus4[13] of instance Adder (NPC).
Driver 0: output signal pc_plus4[12] of instance Adder (pc[31]_GND_1_o_add_0).
Driver 1: NPC/PCplus4[12] driven by output signal PCplus4[12] of instance Adder (NPC).
Driver 0: output signal pc_plus4[11] of instance Adder (pc[31]_GND_1_o_add_0).
Driver 1: NPC/PCplus4[11] driven by output signal PCplus4[11] of instance Adder (NPC).
Driver 0: output signal pc_plus4[10] of instance Adder (pc[31]_GND_1_o_add_0).
Driver 1: NPC/PCplus4[10] driven by output signal PCplus4[10] of instance Adder (NPC).
Driver 0: output signal pc_plus4[9] of instance Adder (pc[31]_GND_1_o_add_0).
Driver 1: NPC/PCplus4[9] driven by output signal PCplus4[9] of instance Adder (NPC).
Driver 0: output signal pc_plus4[8] of instance Adder (pc[31]_GND_1_o_add_0).
Driver 1: NPC/PCplus4[8] driven by output signal PCplus4[8] of instance Adder (NPC).
Driver 0: output signal pc_plus4[7] of instance Adder (pc[31]_GND_1_o_add_0).
Driver 1: NPC/PCplus4[7] driven by output signal PCplus4[7] of instance Adder (NPC).
Driver 0: output signal pc_plus4[6] of instance Adder (pc[31]_GND_1_o_add_0).
Driver 1: NPC/PCplus4[6] driven by output signal PCplus4[6] of instance Adder (NPC).
Driver 0: output signal pc_plus4[5] of instance Adder (pc[31]_GND_1_o_add_0).
Driver 1: NPC/PCplus4[5] driven by output signal PCplus4[5] of instance Adder (NPC).
Driver 0: output signal pc_plus4[4] of instance Adder (pc[31]_GND_1_o_add_0).
Driver 1: NPC/PCplus4[4] driven by output signal PCplus4[4] of instance Adder (NPC).
Driver 0: output signal pc_plus4[3] of instance Adder (pc[31]_GND_1_o_add_0).
Driver 1: NPC/PCplus4[3] driven by output signal PCplus4[3] of instance Adder (NPC).
Driver 0: output signal pc_plus4[2] of instance Adder (pc[31]_GND_1_o_add_0).
Driver 1: NPC/PCplus4[2] driven by output signal PCplus4[2] of instance Adder (NPC).
Driver 0: output signal pc_plus4[1] of instance Adder (pc[31]_GND_1_o_add_0).
Driver 1: NPC/PCplus4[1] driven by output signal PCplus4[1] of instance Adder (NPC).
Driver 0: output signal pc_plus4[0] of instance Adder (pc[31]_GND_1_o_add_0).
Driver 1: NPC/PCplus4[0] driven by output signal PCplus4[0] of instance Adder (NPC).
Module mips remains a blackbox, due to errors in its contents
WARNING:HDLCompiler:1499 - "E:\CO\ISE\ISE_Project\mips\mips.v" Line 21: Empty module <mips> remains a black box.
--> 

Total memory usage is 5318784 kilobytes

Number of errors   :    2 (   0 filtered)
Number of warnings :   33 (   0 filtered)
Number of infos    :    0 (   0 filtered)

